# Licensed to Apache Software Foundation (ASF) under one or more contributor
# license agreements. See the NOTICE file distributed with
# this work for additional information regarding copyright
# ownership. Apache Software Foundation (ASF) licenses this file to you under
# the Apache License, Version 2.0 (the "License"); you may
# not use this file except in compliance with the License.
# You may obtain a copy of the License at
#
#     http://www.apache.org/licenses/LICENSE-2.0
#
# Unless required by applicable law or agreed to in writing,
# software distributed under the License is distributed on an
# "AS IS" BASIS, WITHOUT WARRANTIES OR CONDITIONS OF ANY
# KIND, either express or implied.  See the License for the
# specific language governing permissions and limitations
# under the License.

{{- contains . }}
# id is base64 encoded version of e2e-service-provider=._instance_id
- id: {{ regexp .id "ZTJlLXNlcnZpY2UtcHJvdmlkZXI.*" }}
  name: {{ notEmpty .name }}
  attributes:
    {{- contains .attributes }}
    - name: OS Name
      value: "posix"
    - name: Process No.
      value: {{ notEmpty .value }}
    - name: hostname
      value: {{ notEmpty .value }}
    - name: python_implementation
      value: "CPython"
    - name: python_version
      value: {{ notEmpty .value }}
    - name: ipv4s
      value: {{ notEmpty .value }}
    - name: custom_property
      value: "The answer to all is 42"
      {{- end }}
  language: PYTHON
  instanceuuid: {{ regexp .instanceuuid "ZTJlLXNlcnZpY2UtcHJvdmlkZXI.*" }}
{{- end}}